I'm sorry, but errors were detected in your script. Please correct the
errors listed below, and try again.


File "game/add.rpy", line 76: u'Call' is not a keyword argument or valid child for the hotspot statement.
    Call time_forward_h(1) 
        ^

Ren'Py Version: Ren'Py 7.4.8.1895
Fri Oct  8 02:59:19 2021
